// Jest Snapshot v1, https://goo.gl/fbAQLP

exports[`Board component Is exists 1`] = `
<CurrentUserSetter>
  <Board />
</CurrentUserSetter>
`;
