// Jest Snapshot v1, https://goo.gl/fbAQLP

exports[`Cell component Is exists 1`] = `<Cell />`;
