// Jest Snapshot v1, https://goo.gl/fbAQLP

exports[`Chat component Is exists 1`] = `<Chat />`;
