// Jest Snapshot v1, https://goo.gl/fbAQLP

exports[`Preview component Is exists 1`] = `""`;
