// Jest Snapshot v1, https://goo.gl/fbAQLP

exports[`PreviewPiece component Is exists 1`] = `<PreviewPiece />`;
